// Jest Snapshot v1, https://goo.gl/fbAQLP

exports[`extract should work for nested css: nested-css 1`] = `
"
    const Group = styled.div\`
    [data-role=\\"aside-inner-content\\"] {
       & {
  display: -webkit-box;
  display: -ms-flexbox;
  display: -webkit-flex;
  display: flex;
  -webkit-box-orient: vertical;
  -webkit-box-direction: normal;
  -ms-flex-direction: column;
  -webkit-flex-direction: column;
  flex-direction: column;
  -webkit-box-pack: justify;
  -ms-flex-pack: justify;
  -webkit-justify-content: space-between;
  justify-content: space-between;
  height: 100%;
}
      .todolist {
         & {
  display: -webkit-box;
  display: -ms-flexbox;
  display: -webkit-flex;
  display: flex;
  -webkit-box-orient: vertical;
  -webkit-box-direction: normal;
  -ms-flex-direction: column;
  -webkit-flex-direction: column;
  flex-direction: column;
  -webkit-box-align: center;
  -ms-flex-align: center;
  -webkit-align-items: center;
  align-items: center;
  width: 100%;
}      }
    }
  \`
  "
`;
